// Jest Snapshot v1, https://goo.gl/fbAQLP

exports[`ToDoList.vue моунит лист 1`] = `
<div>
  <ul>
    <li><label><input type="checkbox"> <span></span></label>
      Task 1
      <div><span></span></div>
    </li>
    <li><label><input type="checkbox"> <span></span></label>
      Task 2
      <div><span></span></div>
    </li>
    <li><label><input type="checkbox"> <span></span></label>
      Task 3
      <div><span></span></div>
    </li> <input placeholder="Add a new task">
  </ul>
</div>
`;
